Vercel CLI 54.18.2 (Node.js 22.13.0)
Retrieving project…
Deploying theothecoders-projects/dance-school-cms
Uploading [--------------------] (0.0B/109B)
Uploading [====================] (109.0B/109B)
  Inspect         https://vercel.com/theothecoders-projects/dance-school-cms/J5KCEtytEBVnEM2yPngRRB2Z9wPa
  Production      https://dance-school-2rofbt87h-theothecoders-projects.vercel.app
Building…
Building…
Running build in Washington, D.C., USA (East) – iad1
Build machine configuration: 2 cores, 8 GB
Retrieving list of deployment files...
Previous build caches not available.
Downloading 531 deployment files...
Running "vercel build"
Vercel CLI 60.1.3
Installing dependencies...
npm warn deprecated rollup-plugin-terser@7.0.2: This package has been deprecated and is no longer maintained. Please use @rollup/plugin-terser
npm warn deprecated workbox-cacheable-response@6.6.0: workbox-background-sync@6.6.0
npm warn deprecated sourcemap-codec@1.4.8: Please use @jridgewell/sourcemap-codec instead
npm warn deprecated workbox-google-analytics@6.6.0: It is not compatible with newer versions of GA starting with v4, as long as you are using GAv3 it should be ok, but the package is not longer being maintained
npm warn deprecated inflight@1.0.6: This module is not supported, and leaks memory. Do not use it. Check out lru-cache if you want a good and tested way to coalesce async requests by a key value, which is much more comprehensive and powerful.
npm warn deprecated glob@7.2.3: Old versions of glob are not supported, and contain widely publicized security vulnerabilities, which have been fixed in the current version. Please update. Support for old versions may be purchased (at exorbitant rates) by contacting i@izs.me
npm warn deprecated rimraf@2.7.1: Rimraf versions prior to v4 are no longer supported
npm warn deprecated glob@7.2.3: Old versions of glob are not supported, and contain widely publicized security vulnerabilities, which have been fixed in the current version. Please update. Support for old versions may be purchased (at exorbitant rates) by contacting i@izs.me
npm warn deprecated source-map@0.8.0-beta.0: The work that was done in this beta branch won't be included in future versions
npm warn deprecated @sanity/next-loader@1.7.5: This package is deprecated. Please use 'next-sanity/live' instead.
added 1539 packages in 29s
296 packages are looking for funding
run `npm fund` for details
npm warn install-scripts 6 packages have install scripts not yet covered by allowScripts:
npm warn install-scripts   @clerk/shared@3.10.1 (postinstall: node ./scripts/postinstall.mjs)
npm warn install-scripts   @tailwindcss/oxide@4.1.11 (postinstall: node ./scripts/install.js)
npm warn install-scripts   esbuild@0.25.5 (postinstall: node install.js)
npm warn install-scripts   puppeteer@24.11.2 (postinstall: node install.mjs)
npm warn install-scripts   sharp@0.34.5 (install: node install/check.js || npm run build)
npm warn install-scripts   unrs-resolver@1.9.2 (postinstall: napi-postinstall unrs-resolver 1.9.2 check)
npm warn install-scripts
npm warn install-scripts Run `npm install-scripts ls` to review, or `npm install-scripts approve <pkg>` to allow.
Detected Next.js version: 15.5.12
Running "npm run build"
> dance-school-cms@0.1.0 build
> next build
Attention: Next.js now collects completely anonymous telemetry regarding usage.
This information is used to shape Next.js' roadmap and prioritize features.
You can learn more, including how to opt-out if you'd not like to participate in this anonymous program, by visiting the following URL:
https://nextjs.org/telemetry
▲ Next.js 15.5.12
- Experiments (use with caution):
· optimizePackageImports
Creating an optimized production build ...
> [PWA] Compile server
> [PWA] Compile server
> [PWA] Compile client (static)
> [PWA] Auto register service worker with: /vercel/path0/node_modules/next-pwa/register.js
> [PWA] Service worker: /vercel/path0/public/sw.js
> [PWA]   url: /sw.js
> [PWA]   scope: /
<w> [webpack.cache.PackFileCacheStrategy] Serializing big strings (149kiB) impacts deserialization performance (consider using Buffer instead and decode when needed)
<w> [webpack.cache.PackFileCacheStrategy] Serializing big strings (117kiB) impacts deserialization performance (consider using Buffer instead and decode when needed)
Browserslist: browsers data (caniuse-lite) is 15 months old. Please run:
npx update-browserslist-db@latest
Why you should do it regularly: https://github.com/browserslist/update-db#readme
⚠ Compiled with warnings in 67s
/_next/static/chunks/d8e9270f-74eecd288e99a279.js is 2.24 MB, and won't be precached. Configure maximumFileSizeToCacheInBytes to change this limit.
./node_modules/get-it/dist/middleware.browser.js
A Node.js API is used (setImmediate at line: 1) which is not supported in the Edge Runtime.
Learn more: https://nextjs.org/docs/api-reference/edge-runtime
Import trace for requested module:
./node_modules/get-it/dist/middleware.browser.js
./node_modules/@sanity/client/dist/index.browser.js
__barrel_optimize__?names=createClient!=!./node_modules/@sanity/client/dist/index.browser.js
./src/lib/sanity.ts
Skipping validation of types
Skipping linting
Collecting page data ...
Error: Configuration must contain `projectId`
at aF (.next/server/chunks/8596.js:10:9129)
at bS.config (.next/server/chunks/8596.js:13:29312)
at new bS (.next/server/chunks/8596.js:13:28679)
at createClient (.next/server/chunks/8596.js:13:31388)
at 39156 (.next/server/chunks/6306.js:1:882)
at c (.next/server/webpack-runtime.js:1:143)
at 27037 (.next/server/app/api/admin/classes/[id]/hard-delete/route.js:1:800)
at c (.next/server/webpack-runtime.js:1:143)
at <unknown> (.next/server/app/api/admin/classes/[id]/hard-delete/route.js:1:8577)
at c.X (.next/server/webpack-runtime.js:1:2204)
> Build error occurred
[Error: Failed to collect page data for /api/admin/classes/[id]/hard-delete] {
type: 'Error'
}
Error: Command "npm run build" exited with 1
{
  "status": "error",
  "reason": "deploy_failed",
  "message": "Command \"npm run build\" exited with 1",
  "next": [
    {
      "command": "vercel deploy --scope theothecoders-projects",
      "when": "retry deploy"
    }
  ]
}
Error: Command "npm run build" exited with 1
